
> hireme@0.1.0 build
> next build

Γû▓ Next.js 16.1.6 (Turbopack)
- Environments: .env.local

  Creating an optimized production build ...
Γ£ô Compiled successfully in 9.6s
  Running TypeScript ...
  Collecting page data using 7 workers ...
  Generating static pages using 7 workers (0/11) ...
  Generating static pages using 7 workers (2/11) 
  Generating static pages using 7 workers (5/11) 
  Generating static pages using 7 workers (8/11) 
Γ£ô Generating static pages using 7 workers (11/11) in 1051.5ms
  Finalizing page optimization ...

Route (app)
Γöî Γùï /
Γö£ Γùï /_not-found
Γö£ Γùï /applications
Γö£ ╞Æ /companies/[companyId]
Γö£ ╞Æ /companies/[companyId]/applications
Γö£ ╞Æ /companies/[companyId]/jobs
Γö£ ╞Æ /companies/[companyId]/jobs/[jobId]
Γö£ ╞Æ /companies/[companyId]/jobs/new
Γö£ ╞Æ /companies/[companyId]/members
Γö£ ╞Æ /companies/[companyId]/question-banks
Γö£ ╞Æ /companies/[companyId]/settings
Γö£ Γùï /companies/new
Γö£ Γùï /jobs
Γö£ ╞Æ /jobs/[jobId]
Γö£ ╞Æ /jobs/[jobId]/apply
Γö£ Γùï /login
Γö£ Γùï /profile
Γö£ Γùï /register
Γöö Γùï /resumes


Γùï  (Static)   prerendered as static content
╞Æ  (Dynamic)  server-rendered on demand

